{"Energy":{"iters":[0,1,2,3,4,5,6,7,8,9,10,11,12,13,14,15,16,17,18,19,20,21,22,23,24,25,26,27,28,29,30,31,32,33,34,35,36,37,38,39,40,41,42,43,44,45,46,47,48,49,50,51,52,53,54,55,56,57,58,59,60,61,62,63,64,65,66,67,68,69,70,71,72,73,74,75,76,77,78,79,80,81,82,83,84,85,86,87,88,89,90,91,92,93,94,95,96,97,98,99,100,101,102,103,104,105,106,107,108,109,110,111,112,113,114,115,116,117,118,119,120,121,122,123,124,125,126,127,128,129,130,131,132,133,134,135,136,137,138,139,140,141,142,143,144,145,146,147,148,149,150,151,152,153,154,155,156,157,158,159,160,161,162,163,164,165,166,167,168,169,170,171,172,173,174,175,176,177,178,179,180,181,182,183,184,185,186,187,188,189,190,191,192,193,194,195,196,197,198,199,200,201,202,203,204,205,206,207,208,209,210,211,212,213,214,215,216,217,218,219,220,221,222,223,224,225,226,227,228,229,230,231,232,233,234,235,236,237,238,239,240,241,242,243,244,245,246,247,248,249,250,251],"Mean":[-20.29454594569654,-23.60286493799709,-24.17894253000617,-26.311313923665264,-26.333345617483666,-27.44762114778025,-28.146420597727705,-29.818117114213823,-30.466843717441574,-31.406240454501106,-30.685782438648566,-31.647955412515742,-32.43584382503472,-32.39172133770469,-32.88936647343221,-33.170565815086135,-33.55063780800521,-33.747687914876174,-33.82911458091436,-33.8264465834457,-34.55276764467896,-34.24545242117107,-34.10008136092305,-34.14439628317611,-34.584201131634636,-34.405944897096724,-34.67092512383949,-34.51584880236883,-34.87892053595102,-34.88769224979448,-34.81348095298382,-34.99910812199077,-35.03211896399772,-35.10417525527815,-35.014062152925746,-35.154865103441104,-34.95347173973946,-35.030063604432755,-35.12963647353246,-35.03858561702232,-34.96621540847797,-35.1506903072939,-35.13908524694314,-35.383170505910186,-35.28824416587274,-35.28892210759419,-35.25034558366932,-35.302610419960665,-35.253774219750355,-35.359245581097355,-35.28732547140971,-35.190541710436484,-35.33180460003312,-35.26653453369808,-35.306379058197,-35.43365604948559,-35.289214053715455,-35.34609112126913,-35.34206652913347,-35.39976693042126,-35.420348294120636,-35.378913184835916,-35.3787874370432,-35.481613348194514,-35.36483105710075,-35.47063778164923,-35.47249864493185,-35.38615548209628,-35.46150003121741,-35.41780703312323,-35.447606546825845,-35.47245376466926,-35.42697443009144,-35.47552915990514,-35.415451113601286,-35.51097607460466,-35.41453485930795,-35.482173038050526,-35.39457188228284,-35.524923879922,-35.46585934616299,-35.51236576929261,-35.423804824027364,-35.554349457825026,-35.50260782746686,-35.5187617250467,-35.56454398737906,-35.46325642297309,-35.50670087184697,-35.48687606278049,-35.577990163643925,-35.582227878532564,-35.431483485764126,-35.51516972144467,-35.551728508520526,-35.45013732657889,-35.5326647670014,-35.50438108033952,-35.54904528566824,-35.5574713300576,-35.599089285846325,-35.540395444981634,-35.54661659051308,-35.54567367089391,-35.610096486002476,-35.53711048767956,-35.58530606527645,-35.580655609153524,-35.573804773266986,-35.56207212361232,-35.63517585758794,-35.564642569825466,-35.57357572438916,-35.56234045390816,-35.56732225771417,-35.528552590292215,-35.535569065405596,-35.58609632554976,-35.59048806597288,-35.564904227128146,-35.52025194230464,-35.593040777194524,-35.575611498671414,-35.60199857892684,-35.59588234228377,-35.590500667735476,-35.6104691346213,-35.617602368836124,-35.573429680788294,-35.58868321092693,-35.578504082090255,-35.56687261481676,-35.59933309319257,-35.59010643095578,-35.555677815775724,-35.63225729332621,-35.60266433143001,-35.59714427816846,-35.5901686202646,-35.61451675020569,-35.60340362473283,-35.603833446578655,-35.587672040642595,-35.584510532208796,-35.57000929049887,-35.59311288747988,-35.63103462258824,-35.6074666050068,-35.614097632979515,-35.58375960169188,-35.577433832000395,-35.575539518682234,-35.5985715795235,-35.615703033372085,-35.576380154310876,-35.60569412245054,-35.616539135514564,-35.622322923780494,-35.613480258222374,-35.6185817615403,-35.61385048598028,-35.604186149141356,-35.60638395282672,-35.638071653227115,-35.602940129059924,-35.61650758204357,-35.61653994077763,-35.59410254963979,-35.59675878171253,-35.61076170842675,-35.589687897005014,-35.62340187634585,-35.629363770183964,-35.60402135589945,-35.60637720234969,-35.62582871501022,-35.59902495378311,-35.626006612627336,-35.60790127182512,-35.627196035917756,-35.6113859643858,-35.62251838836865,-35.614912888223664,-35.62118980841063,-35.59645948672807,-35.59408355367191,-35.59465833766029,-35.60586991414275,-35.599451952873245,-35.58922614060852,-35.61392175521282,-35.6131605617503,-35.61690943699437,-35.618957770246645,-35.62169888143499,-35.613356484946465,-35.60490602682738,-35.60941152231082,-35.60029814760608,-35.592889803325114,-35.622183606507164,-35.61896953208341,-35.613520557413594,-35.615722062189285,-35.60907171868398,-35.609595104421395,-35.62438067252547,-35.59384020231545,-35.6035553752605,-35.61889012536541,-35.609105384880884,-35.61306488202212,-35.6246538459611,-35.60442243132797,-35.63353521668132,-35.59602227105273,-35.61854257631176,-35.60954994919545,-35.61980246494699,-35.60554634059755,-35.61587661488069,-35.58149850648154,-35.6045179238019,-35.60180282556728,-35.639905177169176,-35.62174090402486,-35.62057248502318,-35.62233090535377,-35.61515254688062,-35.592868949859,-35.60573994400543,-35.59810965011656,-35.625190847158414,-35.61854293936374,-35.60854452043288,-35.607994285877,-35.62536273852874,-35.62103358903405,-35.633675011630466,-35.602512864923284,-35.601427712324856,-35.611873233905975,-35.61775907926262,-35.607003888001515,-35.6151191073651,-35.62492598110307,-35.620236780592116,-35.61289707247249,-35.615112871293256,-35.60801355373464,-35.60920221426984,-35.615409010362626],"Variance":[104.57124120632443,81.42937860259867,81.27149500511531,60.34690034605643,54.819366097874976,59.85343819967552,51.690056880389086,36.85192790999646,32.82393524457122,29.347427929905916,30.33091248020962,24.36705741223898,20.776966816027908,16.222196284993537,15.144585766392758,14.147319230492094,11.050359493157636,11.161827263036265,10.498736654402846,10.388153560209311,6.955787287755106,7.034569464395365,8.382435514611835,8.283073943166197,5.523862163202326,5.764212407124002,4.9351106002835,5.576391546270963,3.81531501935534,4.508522005443323,4.393297014815665,3.735151973953668,3.167048447500566,3.1339968008962886,3.193167499323575,3.0682623754693537,3.4681432726493093,2.900205595101764,2.5910470204924003,2.910316157503498,3.1985439027448,3.001553756372985,3.2822443120272493,1.7982458974691369,2.01529095628622,2.435165211042219,2.391421279614433,1.8725096194187805,2.272392445507551,2.189940073147711,2.093262151947982,2.629656456181849,1.8380450057795754,2.4506840652420565,2.154838629520417,1.8209916848664824,2.1630622812202356,1.8377471037659012,1.937811096442135,1.8168238346387038,1.776355808385613,2.3224793437514295,1.6000559344332375,1.551551538417789,1.8756399999214088,1.5028808252087857,1.603783914261789,1.4572994269383661,1.5002245547547695,1.4149445534055027,1.478123249506657,1.3594734176975796,1.5395446872259109,1.2408681649493487,1.601615992329958,1.3363325273990705,1.5072586689745433,1.3201563583780063,1.4010916254467056,1.328621148332168,1.3406552289052946,0.9610183354731432,1.2038335183676607,0.964234089020116,1.2519488190805785,1.0336352596105605,1.0072560055488309,1.2878180259893652,1.1531321125456,1.142758796142047,0.8086426235064716,0.7018451440285195,1.1357776476742125,0.9326546532317985,0.8573584311345115,1.2141639607819819,0.9145428013300873,0.8562459726801397,0.7569680728612621,0.6958177160226635,0.5140038123142534,0.7734531028869102,0.7393763017234314,0.7187573359081545,0.5090570085504498,0.7373134352325488,0.5348312388396504,0.6487434279751749,0.5537414715502226,0.5188660202236642,0.5576258815280069,0.5298054126087456,0.5962103974575919,0.5229543943875385,0.5628508697347612,0.6631227943490137,0.6401181962177448,0.3613095810739793,0.5797137663455192,0.3812545314951787,0.4225529408395829,0.5083020509298318,0.34182324023444516,0.3758942741498249,0.3370738067258849,0.34808686238877007,0.3455953414153175,0.3117232652690126,0.32314321163268905,0.33948505133299467,0.3353741599111027,0.3391054718836134,0.29514245611185497,0.3243024248440621,0.3952643525529122,0.2494590284927694,0.29472017704531256,0.32491891182156996,0.27393397965226984,0.2964637489359603,0.231122695205362,0.2367527535350783,0.30437880376205734,0.2849573247315829,0.2088094221125858,0.2562889008955216,0.29724275371639053,0.245496883260939,0.19022120623916586,0.29296174600110986,0.19947751172874187,0.26899648765907636,0.23044300358579597,0.15666724156365627,0.20770245772885867,0.18769606287766866,0.1746255057798299,0.18622561790556538,0.18136094341377798,0.19047682717273512,0.17523746284945352,0.21781598149572007,0.18351864113243516,0.15136516791172636,0.17978731308263873,0.128494905748653,0.10837720084010631,0.23340304796962083,0.17584362564289271,0.1867638364382016,0.13380775855354732,0.12562035854107195,0.1358474208818166,0.1321983045373776,0.14784947719283656,0.15707812372615376,0.13475160222971794,0.10534200092691903,0.12137705980985312,0.11391160571729993,0.15382058670125548,0.11305796163067018,0.1371276708653699,0.103583656596073,0.12893177690821733,0.1312168303449553,0.13688769113995,0.11505186885139233,0.1380506945176375,0.10034040414612481,0.10845216428673164,0.12322332209798212,0.1182007279557366,0.08325989734499285,0.10047351262467753,0.1329783559665737,0.08907689739591809,0.12431911630080493,0.10793387286152746,0.13629157902371455,0.08952627874052471,0.09847806580821823,0.13230085634820216,0.11387972644789232,0.08496271487803947,0.1279903510314503,0.06849469395987243,0.1075906953930744,0.08888545732136348,0.09000093103605034,0.10183381979009509,0.1005670951542652,0.07353965001925468,0.09025781583884952,0.08108138480103337,0.10442947602212814,0.07296748480274969,0.07700950674673941,0.1293918931589236,0.09236105349168995,0.08150389744111643,0.1083719128001561,0.06933805814101066,0.06873734674157032,0.060994854261504666,0.07284829328761565,0.07627829179152014,0.09532286680265485,0.06810159077724698,0.0870996474158865,0.07545484182531612,0.09420981083184037,0.06036801895605882,0.06971414283759873,0.07477007880988062,0.09495437784206186,0.07429457366802024,0.06746275664218558,0.07852693012733146,0.06773447506986913,0.07207562230502218,0.093759359762056,0.09257448055943968,0.0826605931316772,0.08384535027905081,0.051719158007044776,0.0752785987652604,0.08920233937505932,0.07833354163043545,0.06458495904966112,0.05953072571636716,0.05303795435996558],"Sigma":[0.3220889795080855,0.2842237036087144,0.2839480289419092,0.2446792935507953,0.23320439910894647,0.24367685756422694,0.2264504765588258,0.19120526219658054,0.18045339515230865,0.170629750733054,0.1734652442208205,0.15547883479013277,0.14356904350867541,0.12685995702123704,0.12257402106997485,0.11846956959126255,0.10470271356244273,0.10522946988547104,0.10205593244697668,0.1015170325464306,0.08306974555601557,0.0835388505308235,0.09119160185358548,0.09064951881327105,0.07402717060177223,0.07562053087361356,0.06997101582681789,0.07437831989569885,0.06152263600841517,0.06687854726865113,0.06601840332960304,0.060872883213039256,0.056052771049803315,0.05575951766660995,0.05628343362058319,0.055171651115180076,0.05865678414336216,0.05363942664103268,0.050699932497493536,0.0537328429382042,0.056330796494239214,0.05456859812349658,0.057063076976231177,0.04223711761747099,0.0447134944241364,0.049151180077573665,0.048707717516315994,0.04310044584413339,0.04748007566157539,0.04661072404905012,0.04557026399161909,0.05107627792671535,0.042701959521824616,0.04930754700558922,0.04623566519079546,0.042503404215512235,0.04632380727291495,0.04269849891145558,0.043845543026581016,0.04245473587075837,0.041979253761998896,0.048000489247583454,0.03984165003875655,0.039233119138289724,0.04313645752928721,0.03861286313667885,0.03988803668392075,0.038022803137993375,0.038578724845041386,0.037466182548101704,0.03829349961293444,0.036724432550123226,0.03908101941604303,0.0350858946716493,0.03986106815296844,0.03641053025828593,0.03866906125814095,0.03618948641473529,0.03728232625040411,0.03630532379753441,0.03646937219148374,0.030877033630621515,0.034558346084483,0.030928650754922297,0.03524220080162198,0.03202236414085018,0.0316111042240966,0.035743492386801336,0.033822777390133715,0.033670302669963514,0.028323573660596093,0.026387022273699955,0.03356729866044241,0.03041796561531366,0.029164258933519642,0.03470630690337152,0.030121164073273393,0.029145331868454683,0.027403656503162406,0.026273472423665,0.02258150608304118,0.027700443790620612,0.027083357174411345,0.026703050623614076,0.02247258048293419,0.027045549380667635,0.023034464319100344,0.025369167716152878,0.023438146214376492,0.022688059325032074,0.023520210018060185,0.02292598106399747,0.02432033241767763,0.022777268551914864,0.023630145986431005,0.025648779991040198,0.025199958195861332,0.018932565719316792,0.023981510866457403,0.01944810278356573,0.02047435825785546,0.022455910305941375,0.01841494929060196,0.01931090329994294,0.01828656932788696,0.018582902578521666,0.018516277197248746,0.01758548467060863,0.017904708402231437,0.01835185891207657,0.018240407348227402,0.01834159640311321,0.017111401335557604,0.017936794476033285,0.019802205278247595,0.015731471480230408,0.017099155769251986,0.01795383497471156,0.016485141808570553,0.0171496606975078,0.015142271563426606,0.015325591780667292,0.017377085456724183,0.016813558774461883,0.014392783069190318,0.015945371177853624,0.017172177620862504,0.015606040346562947,0.01373723094827179,0.01704806888708745,0.014067492913584556,0.016335898962098097,0.015119989777077389,0.012466910232996627,0.014354582039358063,0.013645747014545921,0.013162051096515753,0.013592190287480396,0.013413484664582937,0.013746457955493762,0.013185093451878722,0.01469990759256264,0.013493040575815024,0.012254136324330823,0.01335516490521457,0.011290487363678247,0.010369043558858369,0.01521678819025239,0.01320787800187425,0.01361181779807741,0.011521536018075934,0.011163483845490334,0.011609016614159614,0.011452035262093105,0.012110989581520045,0.012483247652375936,0.011562099509568529,0.010222815331429744,0.010973319908366926,0.010630500710430533,0.012353128688478179,0.010590593761489636,0.01166359104295207,0.010137137864476635,0.011309664399862501,0.011409444637208208,0.011653380663687585,0.010683574251211208,0.011702779758884549,0.009977176541099524,0.010372629021812097,0.011056462328619778,0.010828786956082156,0.009088404948555132,0.009983792054841829,0.0114857725987006,0.009400528596455408,0.01110551469530449,0.010347814011806742,0.011627979180627798,0.009424210986537522,0.009884153674309165,0.011456476314809347,0.010629013081896711,0.009180871833170463,0.0112682986557285,0.008243244826987203,0.010331350395044823,0.009390421565823988,0.009449160699902913,0.010051149927800604,0.00998844049916812,0.00854142856922826,0.009462636206000552,0.008968716839495879,0.010178441465021707,0.008508135975670917,0.008740613261394034,0.011329826714118276,0.009572253092016989,0.00899205433214339,0.010368790587822826,0.00829383844141374,0.008257833386768072,0.007778866763004242,0.008501184166325148,0.00869901767576853,0.00972452241057343,0.008219556068398989,0.00929561081225453,0.008651935845481145,0.00966758056188188,0.00773879239251854,0.008316300619246595,0.00861258761847987,0.009705708200266077,0.008585157785065134,0.008180913025981642,0.008826307298250293,0.008197371522073517,0.00845597975142854,0.009644440774828912,0.00958330644713825,0.00905563673510876,0.009120302132666534,0.0071630083414060295,0.008641825592356668,0.009407145385325675,0.00881543231246153,0.008004522472301798,0.007684937191627077,0.0072537589024072],"R_hat":[1.0496687598081358,1.0183924195184464,1.034751045121925,1.0201923463572673,1.0223261609896808,1.0426404304808183,1.0468263727219111,1.007558891963425,1.0047687243984413,1.006498984112754,1.0190408013507142,1.0041657772715797,1.0264761841799028,1.0153421317379259,1.0089485055873424,1.0185815059734866,1.008609282394004,1.0146162788241548,1.0167706995628727,1.0096641714570538,1.0288332395294781,1.0064984771070733,1.0324202207783446,1.0271199123913062,1.0064290065992976,1.0274734635739406,1.01039397600132,1.0118458509259747,1.0007758965286557,1.01326603260262,1.010359401412348,1.009093304249632,1.0068156969886188,1.0082604827878436,1.0062277701713676,1.0215734110995238,1.008993600904862,0.99802417226118,1.0043160202179349,1.011988851752073,1.0051193825952631,1.0065264732846593,1.0114032608001284,1.0046217600607947,1.004711201575401,1.008017025935913,1.0133781919359979,1.0027025662919646,1.006226369906682,1.000136331625401,1.0094704581286913,1.0135535200427497,1.0101540474097828,1.0113623397301892,1.0071622590968927,1.001461803966496,1.0111890332114426,1.0042245225869861,1.0016100106770756,1.0018867830708205,1.008980643122674,1.0092003760509412,0.9978228297000551,1.0052495215599453,1.006668115475082,1.0034551802379597,1.0019594297393992,1.0013746763833615,1.0049896070172655,1.0129479570333544,1.0014435157424066,0.9993117867917021,1.0033117691580489,0.9991060018513563,1.000717162416506,0.9961952475053784,1.0037381951550104,1.0035090443675443,0.9999468634360285,0.9991366080217938,1.000219850858659,1.0025089364821211,1.0037155467153391,1.0104139594792616,1.0024780006607494,1.0149050896971177,1.00329789342904,1.0081669192583953,1.0017776910522207,1.0004590503681245,1.0011747649789577,0.998466842384181,1.006627979788627,1.0039403540828171,1.0001145569443215,0.9998187863759909,1.0039254182408677,1.0024294859326293,0.999465328775394,0.9972012659462703,1.0022118632541719,1.0017686511434425,0.9990452866654834,1.001191891938918,0.9981853304225909,1.0005770112791286,1.001688041831126,1.007681091289551,0.9977467468036504,1.0077548468656288,1.0025143222784703,0.9985156229841762,1.0030427360603222,1.0003053371227766,0.9980903226476373,1.0077262761380448,0.997923153173107,1.004848454591272,1.0017187138245063,1.0013221430740558,1.0047899492202759,1.0008000253944378,0.9990577748438448,1.004554019852634,1.0055257885442972,1.0051690521415468,1.003614286904542,0.9999947908788008,0.9986366104572019,1.0022915516167887,0.9971578819118715,1.0100984492439427,0.9995710405275998,0.9985235400564834,1.0026067801358711,0.9986403358593317,1.001848126889467,1.0003751505203964,0.9992389429436859,0.9998203387534438,0.997548319988042,0.9994449971098122,1.0054190889829446,0.9989361248565023,1.0000432288048022,1.000895786381617,1.0013360182005313,1.0015857509786754,0.9966684322794304,1.0002688854669533,1.0038393635014229,0.9987045168748377,1.0004074952814725,0.9967762900750566,1.0005470450862208,1.00197088135193,0.9994958446472987,0.9999779853242853,1.000897293422227,1.0001862605961422,0.9974663171117828,0.9945587104553776,1.002587667909987,0.9965015427808716,0.9983897053235554,1.0012679847030952,0.9983956306523454,0.999908692168894,1.0022645937321213,1.0040268300091635,1.0044650377098316,0.9962863402189094,0.9984233894481945,0.9982092597720751,1.0019371338469973,0.9976988704533265,0.999724924295891,0.998202284426355,1.0064440737355123,1.008957801620286,0.99826521530058,0.9979250810378328,0.9970060502463245,0.9998337640674596,1.0070550192284498,1.0009209416376312,0.9994698860186509,0.9989239793012904,1.0054051280645673,1.0043827199265103,1.0041898388885864,1.00155753198057,1.0012214645962974,0.9982173246662743,1.0037696878901712,0.9952443541514854,0.9988631790383583,1.0018095010000856,0.9992760810508143,0.9966028001864758,0.998738799555197,1.0036062990835117,1.0023758830478215,1.0044215519537476,0.9974509193271197,1.0000196427531118,0.9981285092357427,0.9984950394154041,1.00320834815199,1.0003639194272158,1.0010343908384567,1.001104845583098,1.000901849220016,0.9980440555129282,1.0009635776022063,1.0016012061499793,1.000770702897791,1.0008295641818994,0.9985971673329332,0.9997479711527912,0.9964448241294954,1.0010173203783579,1.0034077898562395,1.001576312536835,0.9992205565052847,0.9974277891775901,0.9990332003802913,0.9985408633219365,1.0002600090518496,0.9984281071675465,1.0045640720885471,0.9948684466403923,1.0022061045990704,1.0015382480288872,0.9993459525520303,0.996940708134236,0.9990744655209183,1.0000593935128463,1.0011460822554463,0.9961279396553825,0.9984523368604418,1.0026345042503282,0.9955176952401188,0.9974808403146395,0.9952598538689368,1.0039150569422117,0.9994513352361064,0.9997140161637456,1.0035311743835196,1.006806434872424,1.004878819317899,0.9987276863598412],"TauCorr":[0.0,6.661338147750939e-16,0.0,0.0,0.0,3.3306690738754696e-16,0.0,0.0,0.0,4.440892098500626e-16,0.0,0.0,0.0,4.440892098500626e-16,0.0,6.661338147750939e-16,2.220446049250313e-16,4.440892098500626e-16,0.0,2.220446049250313e-16,0.0,0.0,2.220446049250313e-16,3.3306690738754696e-16,0.0,0.0,0.0,3.3306690738754696e-16,0.0,2.220446049250313e-16,0.0,0.0,0.0,4.440892098500626e-16,1.1102230246251565e-16,0.0,1.1102230246251565e-16,0.0,7.771561172376096e-16,0.0,0.0,0.0,0.0,0.0,0.0,0.0,0.0,0.0,9.992007221626409e-16,4.440892098500626e-16,2.220446049250313e-16,0.0,3.3306690738754696e-16,2.220446049250313e-16,1.1102230246251565e-16,0.0,0.0,1.3322676295501878e-15,0.0,1.1102230246251565e-16,0.0,8.881784197001252e-16,0.0,1.1102230246251565e-16,0.0,6.661338147750939e-16,2.220446049250313e-16,0.0,0.0,0.0,0.0,0.0,0.0,2.220446049250313e-16,6.661338147750939e-16,4.440892098500626e-16,3.3306690738754696e-16,8.881784197001252e-16,0.0,2.220446049250313e-16,1.1102230246251565e-16,5.551115123125783e-16,1.1102230246251565e-16,0.0,3.3306690738754696e-16,4.440892098500626e-16,4.440892098500626e-16,9.992007221626409e-16,3.3306690738754696e-16,4.440892098500626e-16,0.0,0.0,5.551115123125783e-16,4.440892098500626e-16,0.0,1.1102230246251565e-16,5.551115123125783e-16,0.0,0.0,0.0,0.0,3.3306690738754696e-16,7.771561172376096e-16,0.0,6.661338147750939e-16,0.0,0.0,6.661338147750939e-16,5.551115123125783e-16,0.0,1.1102230246251565e-15,0.0,2.220446049250313e-16,0.0,4.440892098500626e-16,5.551115123125783e-16,0.0,0.0,0.0,0.0,0.0,1.1102230246251565e-16,0.0,2.220446049250313e-16,2.220446049250313e-16,0.0,0.0,2.220446049250313e-16,0.0,0.0,0.0,0.0,0.0,0.0,0.0,0.0,1.1102230246251565e-16,0.0,7.771561172376096e-16,9.992007221626409e-16,1.1102230246251565e-15,0.0,3.3306690738754696e-16,0.0,0.0,0.0,2.220446049250313e-16,0.0,0.0,6.661338147750939e-16,0.0,6.661338147750939e-16,3.3306690738754696e-16,1.5543122344752192e-15,0.0,5.551115123125783e-16,0.0,0.0,0.0,0.0,0.0,0.0,5.551115123125783e-16,2.220446049250313e-16,0.0,7.771561172376096e-16,0.0,0.0,4.440892098500626e-16,0.0,9.992007221626409e-16,0.0,1.1102230246251565e-16,3.3306690738754696e-16,1.1102230246251565e-16,0.0,7.771561172376096e-16,6.661338147750939e-16,0.0,0.0,0.0,9.992007221626409e-16,0.0,7.771561172376096e-16,1.1102230246251565e-16,0.0,6.661338147750939e-16,0.0,2.220446049250313e-16,0.0,2.220446049250313e-16,0.0,6.661338147750939e-16,0.0,0.0,1.2212453270876722e-15,0.0,2.220446049250313e-16,2.220446049250313e-16,0.0,1.1102230246251565e-16,2.220446049250313e-16,0.0,6.661338147750939e-16,7.771561172376096e-16,0.0,4.440892098500626e-16,0.0,0.0,4.440892098500626e-16,1.1102230246251565e-16,2.220446049250313e-16,0.0,0.0,2.220446049250313e-16,4.440892098500626e-16,4.440892098500626e-16,0.0,4.440892098500626e-16,0.0,2.220446049250313e-16,5.551115123125783e-16,0.0,6.661338147750939e-16,1.1102230246251565e-16,0.0,0.0,0.0,6.661338147750939e-16,4.440892098500626e-16,0.0,0.0,3.3306690738754696e-16,2.220446049250313e-16,5.551115123125783e-16,1.1102230246251565e-16,0.0,0.0,6.661338147750939e-16,0.0,0.0,0.0,0.0,2.220446049250313e-16,0.0,1.1102230246251565e-16,0.0,2.220446049250313e-16,7.771561172376096e-16,3.3306690738754696e-16,0.0,1.3322676295501878e-15]}}